<html>
<body>
<pre>
<h1>µVision Build Log</h1>
<h2>Project:</h2>
C:\Users\ADMIN\Desktop\Buoi4\BaiTap4\BaiTap4.uvproj
Project File Date:  09/29/2020

<h2>Output:</h2>
Rebuild target 'Target 1'
assembling Startup.s...
compiling main.c...
main.c(12): warning:  #1-D: last line of file ends without a newline
linking...
Program Size: Code=904 RO-data=16 RW-data=0 ZI-data=352  
FromELF: creating hex file...
".\BaiTap4.axf" - 0 Errors, 1 Warning(s).
Rebuild target 'Target 1'
assembling Startup.s...
compiling main.c...
main.c(16): warning:  #1-D: last line of file ends without a newline
linking...
Program Size: Code=908 RO-data=16 RW-data=0 ZI-data=352  
FromELF: creating hex file...
".\BaiTap4.axf" - 0 Errors, 1 Warning(s).
Rebuild target 'Target 1'
assembling Startup.s...
compiling main.c...
main.c(16): warning:  #1-D: last line of file ends without a newline
linking...
Program Size: Code=908 RO-data=16 RW-data=0 ZI-data=352  
FromELF: creating hex file...
".\BaiTap4.axf" - 0 Errors, 1 Warning(s).
Rebuild target 'Target 1'
assembling Startup.s...
compiling main.c...
main.c(30): warning:  #1-D: last line of file ends without a newline
linking...
Program Size: Code=1812 RO-data=172 RW-data=0 ZI-data=352  
FromELF: creating hex file...
".\BaiTap4.axf" - 0 Errors, 1 Warning(s).
Rebuild target 'Target 1'
assembling Startup.s...
compiling main.c...
main.c(30): warning:  #1-D: last line of file ends without a newline
linking...
Program Size: Code=1812 RO-data=172 RW-data=0 ZI-data=352  
FromELF: creating hex file...
".\BaiTap4.axf" - 0 Errors, 1 Warning(s).
Rebuild target 'Target 1'
assembling Startup.s...
compiling main.c...
main.c(30): warning:  #1-D: last line of file ends without a newline
linking...
Program Size: Code=1812 RO-data=172 RW-data=0 ZI-data=352  
FromELF: creating hex file...
".\BaiTap4.axf" - 0 Errors, 1 Warning(s).
Rebuild target 'Target 1'
assembling Startup.s...
compiling main.c...
main.c(30): warning:  #1-D: last line of file ends without a newline
linking...
Program Size: Code=1812 RO-data=172 RW-data=0 ZI-data=352  
FromELF: creating hex file...
".\BaiTap4.axf" - 0 Errors, 1 Warning(s).
Rebuild target 'Target 1'
assembling Startup.s...
compiling main.c...
main.c(30): warning:  #1-D: last line of file ends without a newline
linking...
Program Size: Code=1812 RO-data=172 RW-data=0 ZI-data=352  
FromELF: creating hex file...
".\BaiTap4.axf" - 0 Errors, 1 Warning(s).
Rebuild target 'Target 1'
assembling Startup.s...
compiling main.c...
main.c(30): warning:  #1-D: last line of file ends without a newline
linking...
Program Size: Code=1812 RO-data=172 RW-data=0 ZI-data=352  
FromELF: creating hex file...
".\BaiTap4.axf" - 0 Errors, 1 Warning(s).
Rebuild target 'Target 1'
assembling Startup.s...
compiling main.c...
main.c(37): warning:  #1-D: last line of file ends without a newline
linking...
Program Size: Code=1904 RO-data=188 RW-data=4 ZI-data=356  
FromELF: creating hex file...
".\BaiTap4.axf" - 0 Errors, 1 Warning(s).
Rebuild target 'Target 1'
assembling Startup.s...
compiling main.c...
main.c(17): error:  #165: too few arguments in function call
main.c(38): warning:  #1-D: last line of file ends without a newline
".\BaiTap4.axf" - 1 Errors, 1 Warning(s).
Target not created
Rebuild target 'Target 1'
assembling Startup.s...
compiling main.c...
main.c(38): warning:  #1-D: last line of file ends without a newline
linking...
Program Size: Code=1916 RO-data=188 RW-data=4 ZI-data=356  
FromELF: creating hex file...
".\BaiTap4.axf" - 0 Errors, 1 Warning(s).
Rebuild target 'Target 1'
assembling Startup.s...
compiling main.c...
main.c(39): warning:  #1-D: last line of file ends without a newline
linking...
Program Size: Code=1916 RO-data=188 RW-data=4 ZI-data=356  
FromELF: creating hex file...
".\BaiTap4.axf" - 0 Errors, 1 Warning(s).
Rebuild target 'Target 1'
assembling Startup.s...
compiling main.c...
main.c(39): warning:  #1-D: last line of file ends without a newline
linking...
Program Size: Code=1916 RO-data=188 RW-data=4 ZI-data=356  
FromELF: creating hex file...
".\BaiTap4.axf" - 0 Errors, 1 Warning(s).
Rebuild target 'Target 1'
assembling Startup.s...
compiling main.c...
main.c(39): warning:  #1-D: last line of file ends without a newline
linking...
Program Size: Code=1904 RO-data=188 RW-data=4 ZI-data=356  
FromELF: creating hex file...
".\BaiTap4.axf" - 0 Errors, 1 Warning(s).
Rebuild target 'Target 1'
assembling Startup.s...
compiling main.c...
main.c(37): warning:  #1-D: last line of file ends without a newline
linking...
Program Size: Code=1904 RO-data=188 RW-data=4 ZI-data=356  
FromELF: creating hex file...
".\BaiTap4.axf" - 0 Errors, 1 Warning(s).
Rebuild target 'Target 1'
assembling Startup.s...
compiling main.c...
main.c(31): warning:  #1-D: last line of file ends without a newline
linking...
Program Size: Code=1812 RO-data=172 RW-data=0 ZI-data=352  
FromELF: creating hex file...
".\BaiTap4.axf" - 0 Errors, 1 Warning(s).
Rebuild target 'Target 1'
assembling Startup.s...
compiling main.c...
main.c(38): warning:  #1-D: last line of file ends without a newline
linking...
Program Size: Code=1916 RO-data=188 RW-data=4 ZI-data=356  
FromELF: creating hex file...
".\BaiTap4.axf" - 0 Errors, 1 Warning(s).
Rebuild target 'Target 1'
assembling Startup.s...
compiling main.c...
main.c(38): warning:  #1-D: last line of file ends without a newline
linking...
Program Size: Code=1916 RO-data=188 RW-data=4 ZI-data=356  
FromELF: creating hex file...
".\BaiTap4.axf" - 0 Errors, 1 Warning(s).
